---
source: tui/tests/vt100_chatwidget_snapshot.rs
expression: "frames.join(\"\\n---FRAME---\\n\")"
---
 - Writing code
 - Reading files
 - Running commands


  Auto Drive > Ready: run cargo check  ✶ Running (Xs)

  What would you like to work on?

  • Agents Enabled  • Diagnostics Enabled                              API key

---FRAME---

 - Writing code
 - Reading files
 - Running commands


  Auto Drive > Running cargo check... · Installed dependencies  ✶ Thinking (Xs)

  What would you like to work on?

  • Agents Enabled  • Diagnostics Enabled                              API key

---FRAME---

 - Writing code
 - Reading files
 - Running commands


  Auto Drive > Running cargo check... · Installed dependencies  ✶ Running (Xs)

  What would you like to work on?

  • Agents Enabled  • Diagnostics Enabled                              API key
