---
source: tui/tests/vt100_chatwidget_snapshot.rs
expression: output
---
+------------------------------------------------------------------------------+
|                                                                              |
+------------------------------------------------------------------------------+
  - Running commands

• Missing stream id for assistant answer delta


▸ What can I code for you today?

Read Only  (Shift+Tab change)                    @ file   Ctrl+H help   API key
