---
source: tui/tests/vt100_chatwidget_snapshot.rs
expression: output
---
 ┌────────────────────────────────────────────────────────────────────────────┐
 │  Code  •  Model: zen5-coder  •  Reasoning: medium  •  Directory: /snapshot │
 └────────────────────────────────────────────────────────────────────────────┘
       (no status updates yet)

     Latest result
       Regression sweep complete
       - 58 tests passed
       - 0 failures

     Actions
       Started agent run for qa-bot
       Agent run completed in 1m34s

 ⚙ ┌───────────────────────────────────────────────────────────────────────────
   │ Agent Run • deploy-helper                                        Running │
   └───────────────────────────────────────────────────────────────────────────

     Plan
       (no plan provided)

     Status
       (no status updates yet)

     Actions
       (no recorded actions yet)

 ┌────────────────────────────────────────────────────────────────────────────┐
 │ What can I code for you today?                                             │
 └────────────────────────────────────────────────────────────────────────────┘
   Read Only  (Shift+Tab change)                       Ctrl+H help  •  API key
