---
source: tui/tests/vt100_chatwidget_snapshot.rs
expression: output
---
 ┌────────────────────────────────────────────────────────────────────────────┐
 │  Code  •  Model: zen5-coder  •  Reasoning: medium  •  Directory: /snapshot │
 └────────────────────────────────────────────────────────────────────────────┘
 ┌ Browser ───────────────────────────────────────────────────────────────────┐
 │ • https://example.com/docs                                   Ctrl+B expand │
 └────────────────────────────────────────────────────────────────────────────┘
     Console
       (no console messages)

     Screenshot
       (no screenshot yet)

 ⚙ ┌───────────────────────────────────────────────────────────────────────────
   │ Browser Session • https://example.com/docs                            33s│
   └───────────────────────────────────────────────────────────────────────────
     Active URL: https://example.com/docs
     Title: (pending)

     Actions
       00:00  Type “docs search”

     Console
       ⚠️   cdp warning: Refused to load script from cdn.example.com

     Screenshot
       /tmp/browser_session.png

 ┌────────────────────────────────────────────────────────────────────────────┐
 │ What can I code for you today?                                             │
 └────────────────────────────────────────────────────────────────────────────┘
   Read Only  (Shift+Tab change)                       Ctrl+H help  •  API key
