---
source: tui/tests/vt100_chatwidget_snapshot.rs
expression: "frames.join(\"\\n---FRAME---\\n\")"
---
 What would you like to work on?


 Hello! How can I help you today?



 I can help with various tasks including:

 - Writing code
 - Reading files
 - Running commands


  Auto Drive > Auto Drive ready to run cargo nextest  ✶ Running (Xs)
 +----------------------------------------------------------------------------+
 |                                                                            |
 +----------------------------------------------------------------------------+
---FRAME---
 What would you like to work on?


 Hello! How can I help you today?



 I can help with various tasks including:

 - Writing code
 - Reading files
 - Running commands


  Auto Drive > Auto Drive ready to run cargo nextest  ✶ Running (Xs)
 +----------------------------------------------------------------------------+
 |                                                                            |
 +----------------------------------------------------------------------------+
---FRAME---
 What would you like to work on?


 Hello! How can I help you today?



 I can help with various tasks including:

 - Writing code
 - Reading files
 - Running commands


  Auto Drive > Auto Drive ready to run cargo nextest  ✶ Running (Xs)
 +----------------------------------------------------------------------------+
 |                                                                            |
 +----------------------------------------------------------------------------+
