---
source: tui/tests/vt100_chatwidget_snapshot.rs
expression: section_closed
---
 +Settings ▸ Model--------------------------------------------------------------------------------+
 |                                                                                                |
 | ›  Model              + Select Model & Reasoning --------------------------------------------+ |
 |    Theme              |                                                                      | |
 |    Updates            |  Current model: GPT-5.1-Codex-Max                                    | |
 |    Accounts           |  Reasoning effort: Medium                                            | |
 |    Agents             |                                                                      | |
 |    Prompts            |  GPT-5.2                                                             | |
 |    Skills             |  Latest frontier model with improvements across knowledge, reasoning | |
 |    Auto Drive         |     XHigh - Extra high reasoning depth for complex problems          | |
 |    Review             |     High - Maximizes reasoning depth for complex or ambiguous proble | |
 |    Planning           |     Medium - Provides a solid balance of reasoning depth and latency | |
 |    Validation         |     Low - Balances speed with some reasoning; useful for straightfor | |
 |    Chrome             |                                                                      | |
 |    MCP                |  GPT-5.1-Codex-Max                                                   | |
 |    Notifications      |  Latest Codex-optimized flagship for deep and fast reasoning.        | |
 |    Limits             |     XHigh - Extra high reasoning depth for complex problems          | |
 |                       |                                                                      | |
 |                       +----------------------------------------------------------------------+ |
 | ↑ ↓ Move    Enter Open    Esc Close    ? Help                                                  |
 |                                                                                                |
 +------------------------------------------------------------------------------------------------+

  What can I code for you today?


 Read Only  (Shift+Tab change)                                                       ?  •  API key
