---
source: tui/tests/vt100_chatwidget_snapshot.rs
expression: output
---

 I can help with various tasks including:

 - Writing code
 - Reading files
 - Running commands


 📁 /workspace/subdir  3 changes
  main  🧠 high
 Recent changes:
 • reasoning: medium → high  #3
 • branch: feature/context-ui → main  #2
 • cwd: /workspace → /workspace/subdir  #2
