---
source: tui/tests/vt100_chatwidget_snapshot.rs
expression: section_closed
---
 +Settings ▸ Model--------------------------------------------------------------------------------+
 |                                                                                                |
 | ›  Model              + Select Model & Reasoning --------------------------------------------+ |
 |    Theme              |                                                                      | |
 |    Updates            |  Current model: GPT-5.1-Codex-Max                                    | |
 |    Accounts           |  Reasoning effort: Medium                                            | |
 |    Agents             |                                                                      | |
 |    Prompts            |  GPT-5.1-Codex-Max                                                   | |
 |    Skills             |  Codex-optimized flagship for deep and fast reasoning.               | |
 |    Auto Drive         |     XHigh - Extra high reasoning depth for complex problems          | |
 |    Review             |     High - Maximizes reasoning depth for complex problems            | |
 |    Planning           |     Medium (current) - Balances speed and reasoning depth for everyd | |
 |    Validation         |     Low - Fast responses with lighter reasoning                      | |
 |    Browser            |                                                                      | |
 |    MCP                |  GPT-5.2                                                             | |
 |    Notifications      |  Latest frontier model with improvements across knowledge, reasoning | |
 |    Limits             |     XHigh - Extra high reasoning depth for complex problems          | |
 |                       |     High - Maximizes reasoning depth for complex or ambiguous proble | |
 |                       |     Medium - Provides a solid balance of reasoning depth and latency | |
 |                       |                                                                      | |
 |                       +----------------------------------------------------------------------+ |
 | ↑ ↓ Move    Enter Open    Esc Close    ? Help                                                  |
 |                                                                                                |
 +------------------------------------------------------------------------------------------------+
