---
source: tui/tests/vt100_chatwidget_snapshot.rs
expression: section_open
---
 +Settings ▸ Model--------------------------------------------------------------------------------+
 |                                                                                                |
 | ›  Model              + Select Model & Reasoning --------------------------------------------+ |
 |    Theme              |                                                                      | |
 |    Updates            |  Current model: GPT-5.1-Codex-Max                                    | |
 |    Accounts           |  Reasoning effort: Medium                                            | |
 |    Agents             |                                                                      | |
 |    Prompts            |  GPT-5.+------------------------------+                              | |
 |    Skills             |  Codex-|Model Shortcuts               |fast reasoning.               | |
 |    Auto Drive         |     XHi|                              |for complex problems          | |
 |    Review             |     Hig|• Esc    Return to overview   |r complex problems            | |
 |    Planning           |     Med|• Tab    Cycle sections       |nd reasoning depth for everyd | |
 |    Validation         |     Low|• Shift+Tab  Cycle backwards  |easoning                      | |
 |    Browser            |        |• ?      Toggle this help     |                              | |
 |    MCP                |  GPT-5.|                              |                              | |
 |    Notifications      |  Latest|Press Esc to close            |s across knowledge, reasoning | |
 |    Limits             |     XHi+------------------------------+for complex problems          | |
 |                       |     High - Maximizes reasoning depth for complex or ambiguous proble | |
 |                       |     Medium - Provides a solid balance of reasoning depth and latency | |
 |                       |                                                                      | |
 |                       +----------------------------------------------------------------------+ |
 | ↑ ↓ Move    Enter Open    Esc Close    ? Help                                                  |
 |                                                                                                |
 +------------------------------------------------------------------------------------------------+
